GAS LISTING /tmp/ccHAkNqf.s 			page 1


   1               		.file	"vt100.c"
   2               	__SP_H__ = 0x3e
   3               	__SP_L__ = 0x3d
   4               	__SREG__ = 0x3f
   5               	__RAMPZ__ = 0x3b
   6               	__tmp_reg__ = 0
   7               	__zero_reg__ = 1
   8               		.section	.text.EdLineKeyMapVt100,"ax",@progbits
   9               	.global	EdLineKeyMapVt100
  10               		.type	EdLineKeyMapVt100, @function
  11               	EdLineKeyMapVt100:
  12               	/* prologue: function */
  13               	/* frame size = 0 */
  14               	/* stack size = 0 */
  15               	.L__stack_usage = 0
  16 0000 FB01      		movw r30,r22
  17 0002 2081      		ld r18,Z
  18 0004 3181      		ldd r19,Z+1
  19 0006 1216      		cp __zero_reg__,r18
  20 0008 1306      		cpc __zero_reg__,r19
  21 000a 04F4      		brge .L2
  22 000c 2130      		cpi r18,1
  23 000e 3105      		cpc r19,__zero_reg__
  24 0010 01F4      		brne .L3
  25 0012 8B35      		cpi r24,91
  26 0014 9105      		cpc r25,__zero_reg__
  27 0016 01F4      		brne .L3
  28 0018 82E0      		ldi r24,lo8(2)
  29 001a 90E0      		ldi r25,0
  30 001c 00C0      		rjmp .L10
  31               	.L3:
  32 001e 8334      		cpi r24,67
  33 0020 9105      		cpc r25,__zero_reg__
  34 0022 01F0      		breq .L7
  35 0024 8434      		cpi r24,68
  36 0026 9105      		cpc r25,__zero_reg__
  37 0028 01F0      		breq .L8
  38 002a 8134      		cpi r24,65
  39 002c 9105      		cpc r25,__zero_reg__
  40 002e 01F0      		breq .L9
  41 0030 8234      		cpi r24,66
  42 0032 9105      		cpc r25,__zero_reg__
  43 0034 01F4      		brne .L5
  44 0036 86E1      		ldi r24,lo8(22)
  45 0038 90E0      		ldi r25,0
  46 003a 00C0      		rjmp .L5
  47               	.L7:
  48 003c 86E0      		ldi r24,lo8(6)
  49 003e 90E0      		ldi r25,0
  50 0040 00C0      		rjmp .L5
  51               	.L8:
  52 0042 82E0      		ldi r24,lo8(2)
  53 0044 90E0      		ldi r25,0
  54 0046 00C0      		rjmp .L5
  55               	.L9:
  56 0048 82E1      		ldi r24,lo8(18)
  57 004a 90E0      		ldi r25,0
GAS LISTING /tmp/ccHAkNqf.s 			page 2


  58               	.L5:
  59 004c FB01      		movw r30,r22
  60 004e 1182      		std Z+1,__zero_reg__
  61 0050 1082      		st Z,__zero_reg__
  62 0052 0895      		ret
  63               	.L2:
  64 0054 8B31      		cpi r24,27
  65 0056 9105      		cpc r25,__zero_reg__
  66 0058 01F4      		brne .L6
  67 005a 81E0      		ldi r24,lo8(1)
  68 005c 90E0      		ldi r25,0
  69 005e FB01      		movw r30,r22
  70               	.L10:
  71 0060 9183      		std Z+1,r25
  72 0062 8083      		st Z,r24
  73 0064 80E0      		ldi r24,0
  74 0066 90E0      		ldi r25,0
  75 0068 0895      		ret
  76               	.L6:
  77 006a 0C94 0000 		jmp EdLineKeyMap
  78               		.size	EdLineKeyMapVt100, .-EdLineKeyMapVt100
  79               		.ident	"GCC: (GNU) 5.3.0"
GAS LISTING /tmp/ccHAkNqf.s 			page 3


DEFINED SYMBOLS
                            *ABS*:0000000000000000 vt100.c
     /tmp/ccHAkNqf.s:2      *ABS*:000000000000003e __SP_H__
     /tmp/ccHAkNqf.s:3      *ABS*:000000000000003d __SP_L__
     /tmp/ccHAkNqf.s:4      *ABS*:000000000000003f __SREG__
     /tmp/ccHAkNqf.s:5      *ABS*:000000000000003b __RAMPZ__
     /tmp/ccHAkNqf.s:6      *ABS*:0000000000000000 __tmp_reg__
     /tmp/ccHAkNqf.s:7      *ABS*:0000000000000001 __zero_reg__
     /tmp/ccHAkNqf.s:11     .text.EdLineKeyMapVt100:0000000000000000 EdLineKeyMapVt100

UNDEFINED SYMBOLS
EdLineKeyMap
