GAS LISTING /tmp/cckGu8C5.s 			page 1


   1               		.file	"eth0rtl.c"
   2               	__SP_H__ = 0x3e
   3               	__SP_L__ = 0x3d
   4               	__SREG__ = 0x3f
   5               	__RAMPZ__ = 0x3b
   6               	__tmp_reg__ = 0
   7               	__zero_reg__ = 1
   8               	.global	devEth0
   9               		.data
  10               		.type	devEth0, @object
  11               		.size	devEth0, 37
  12               	devEth0:
  13 0000 0000      		.word	0
  14 0002 65        		.byte	101
  15 0003 74        		.byte	116
  16 0004 68        		.byte	104
  17 0005 30        		.byte	48
  18 0006 00        		.byte	0
  19 0007 00        		.byte	0
  20 0008 00        		.byte	0
  21 0009 00        		.byte	0
  22 000a 00        		.byte	0
  23 000b 03        		.byte	3
  24 000c 0000      		.word	0
  25 000e 00        		.byte	0
  26 000f 0000      		.word	ifn_eth0
  27 0011 0000      		.word	dcb_eth0
  28 0013 0000      		.word	gs(NicInit)
  29 0015 0000      		.word	0
  30 0017 0000      		.word	0
  31 0019 0000      		.word	0
  32 001b 0000      		.word	0
  33 001d 0000      		.word	0
  34 001f 0000      		.word	0
  35 0021 0000      		.word	0
  36 0023 0000      		.word	0
  37               		.type	ifn_eth0, @object
  38               		.size	ifn_eth0, 39
  39               	ifn_eth0:
  40 0025 06        		.byte	6
  41 0026 00        		.byte	0
  42 0027 00        		.byte	0
  43 0028 00        		.byte	0
  44 0029 00        		.byte	0
  45 002a 00        		.byte	0
  46 002b 00        		.byte	0
  47 002c 00        		.byte	0
  48 002d 00        		.byte	0
  49 002e 00        		.byte	0
  50 002f 00        		.byte	0
  51 0030 00        		.byte	0
  52 0031 00        		.byte	0
  53 0032 00        		.byte	0
  54 0033 00        		.byte	0
  55 0034 00        		.byte	0
  56 0035 00        		.byte	0
  57 0036 00        		.byte	0
GAS LISTING /tmp/cckGu8C5.s 			page 2


  58 0037 00        		.byte	0
  59 0038 00        		.byte	0
  60 0039 00        		.byte	0
  61 003a 00        		.byte	0
  62 003b 00        		.byte	0
  63 003c DC05      		.word	1500
  64 003e 0000      		.word	0
  65 0040 0000      		.word	0
  66 0042 0000      		.word	0
  67 0044 0000      		.word	gs(NutEtherInput)
  68 0046 0000      		.word	gs(NicOutput)
  69 0048 0000      		.word	gs(NutEtherOutput)
  70 004a 0000      		.word	0
  71               		.local	dcb_eth0
  72               		.comm	dcb_eth0,38,1
  73               		.ident	"GCC: (GNU) 5.3.0"
  74               	.global __do_copy_data
  75               	.global __do_clear_bss
GAS LISTING /tmp/cckGu8C5.s 			page 3


DEFINED SYMBOLS
                            *ABS*:0000000000000000 eth0rtl.c
     /tmp/cckGu8C5.s:2      *ABS*:000000000000003e __SP_H__
     /tmp/cckGu8C5.s:3      *ABS*:000000000000003d __SP_L__
     /tmp/cckGu8C5.s:4      *ABS*:000000000000003f __SREG__
     /tmp/cckGu8C5.s:5      *ABS*:000000000000003b __RAMPZ__
     /tmp/cckGu8C5.s:6      *ABS*:0000000000000000 __tmp_reg__
     /tmp/cckGu8C5.s:7      *ABS*:0000000000000001 __zero_reg__
     /tmp/cckGu8C5.s:12     .data:0000000000000000 devEth0
     /tmp/cckGu8C5.s:39     .data:0000000000000025 ifn_eth0
                             .bss:0000000000000000 dcb_eth0

UNDEFINED SYMBOLS
NicInit
NutEtherInput
NicOutput
NutEtherOutput
__do_copy_data
__do_clear_bss
